// Jest Snapshot v1, https://goo.gl/fbAQLP

exports[`Should render the LoginPage component 1`] = `
<div>
  <h1>
    Expensify
  </h1>
  <button>
    Login
  </button>
</div>
`;
